// Vitest Snapshot v1, https://vitest.dev/guide/snapshot.html

exports[`CurrencyList > should render a table 1`] = `
{
  "asFragment": [Function],
  "baseElement": <body>
    <div>
      <table
        class="sc-dlniIP bQqbFZ"
      >
        <thead>
          <tr>
            <th>
              Country
            </th>
            <th>
              Currency
            </th>
            <th>
              Amount
            </th>
            <th>
              Currency Code
            </th>
            <th>
              Rate
            </th>
          </tr>
        </thead>
        <tbody>
          <tr>
            <td>
              United Kingdom
            </td>
            <td>
              pound sterling
            </td>
            <td>
              1
            </td>
            <td>
              GBP
            </td>
            <td>
              28.222
            </td>
          </tr>
          <tr>
            <td>
              United States
            </td>
            <td>
              US Dollar
            </td>
            <td>
              1
            </td>
            <td>
              USD
            </td>
            <td>
              22.781
            </td>
          </tr>
        </tbody>
      </table>
    </div>
  </body>,
  "container": <div>
    <table
      class="sc-dlniIP bQqbFZ"
    >
      <thead>
        <tr>
          <th>
            Country
          </th>
          <th>
            Currency
          </th>
          <th>
            Amount
          </th>
          <th>
            Currency Code
          </th>
          <th>
            Rate
          </th>
        </tr>
      </thead>
      <tbody>
        <tr>
          <td>
            United Kingdom
          </td>
          <td>
            pound sterling
          </td>
          <td>
            1
          </td>
          <td>
            GBP
          </td>
          <td>
            28.222
          </td>
        </tr>
        <tr>
          <td>
            United States
          </td>
          <td>
            US Dollar
          </td>
          <td>
            1
          </td>
          <td>
            USD
          </td>
          <td>
            22.781
          </td>
        </tr>
      </tbody>
    </table>
  </div>,
  "debug": [Function],
  "findAllByAltText": [Function],
  "findAllByDisplayValue": [Function],
  "findAllByLabelText": [Function],
  "findAllByPlaceholderText": [Function],
  "findAllByRole": [Function],
  "findAllByTestId": [Function],
  "findAllByText": [Function],
  "findAllByTitle": [Function],
  "findByAltText": [Function],
  "findByDisplayValue": [Function],
  "findByLabelText": [Function],
  "findByPlaceholderText": [Function],
  "findByRole": [Function],
  "findByTestId": [Function],
  "findByText": [Function],
  "findByTitle": [Function],
  "getAllByAltText": [Function],
  "getAllByDisplayValue": [Function],
  "getAllByLabelText": [Function],
  "getAllByPlaceholderText": [Function],
  "getAllByRole": [Function],
  "getAllByTestId": [Function],
  "getAllByText": [Function],
  "getAllByTitle": [Function],
  "getByAltText": [Function],
  "getByDisplayValue": [Function],
  "getByLabelText": [Function],
  "getByPlaceholderText": [Function],
  "getByRole": [Function],
  "getByTestId": [Function],
  "getByText": [Function],
  "getByTitle": [Function],
  "queryAllByAltText": [Function],
  "queryAllByDisplayValue": [Function],
  "queryAllByLabelText": [Function],
  "queryAllByPlaceholderText": [Function],
  "queryAllByRole": [Function],
  "queryAllByTestId": [Function],
  "queryAllByText": [Function],
  "queryAllByTitle": [Function],
  "queryByAltText": [Function],
  "queryByDisplayValue": [Function],
  "queryByLabelText": [Function],
  "queryByPlaceholderText": [Function],
  "queryByRole": [Function],
  "queryByTestId": [Function],
  "queryByText": [Function],
  "queryByTitle": [Function],
  "rerender": [Function],
  "unmount": [Function],
}
`;
