// Vitest Snapshot v1, https://vitest.dev/guide/snapshot.html

exports[`CurrencyExchangeForm > should render a form 1`] = `
{
  "asFragment": [Function],
  "baseElement": <body>
    <div>
      <form>
        <div
          class="sc-fujznN cRhTLx"
        >
          <input
            class="sc-gKAaef gvGmMp"
            placeholder="Enter amount"
            type="number"
            value=""
          />
          <span
            class="sc-pNWRh lnoOud"
          >
            CZK to
          </span>
          <select
            class="sc-iCoHzw hvmJbe"
          >
            <option
              value="GBP"
            >
              GBP
            </option>
            <option
              value="USD"
            >
              USD
            </option>
          </select>
          <button
            class="sc-gtsqUy fphciq"
            type="submit"
          >
            Convert
          </button>
        </div>
      </form>
    </div>
  </body>,
  "container": <div>
    <form>
      <div
        class="sc-fujznN cRhTLx"
      >
        <input
          class="sc-gKAaef gvGmMp"
          placeholder="Enter amount"
          type="number"
          value=""
        />
        <span
          class="sc-pNWRh lnoOud"
        >
          CZK to
        </span>
        <select
          class="sc-iCoHzw hvmJbe"
        >
          <option
            value="GBP"
          >
            GBP
          </option>
          <option
            value="USD"
          >
            USD
          </option>
        </select>
        <button
          class="sc-gtsqUy fphciq"
          type="submit"
        >
          Convert
        </button>
      </div>
    </form>
  </div>,
  "debug": [Function],
  "findAllByAltText": [Function],
  "findAllByDisplayValue": [Function],
  "findAllByLabelText": [Function],
  "findAllByPlaceholderText": [Function],
  "findAllByRole": [Function],
  "findAllByTestId": [Function],
  "findAllByText": [Function],
  "findAllByTitle": [Function],
  "findByAltText": [Function],
  "findByDisplayValue": [Function],
  "findByLabelText": [Function],
  "findByPlaceholderText": [Function],
  "findByRole": [Function],
  "findByTestId": [Function],
  "findByText": [Function],
  "findByTitle": [Function],
  "getAllByAltText": [Function],
  "getAllByDisplayValue": [Function],
  "getAllByLabelText": [Function],
  "getAllByPlaceholderText": [Function],
  "getAllByRole": [Function],
  "getAllByTestId": [Function],
  "getAllByText": [Function],
  "getAllByTitle": [Function],
  "getByAltText": [Function],
  "getByDisplayValue": [Function],
  "getByLabelText": [Function],
  "getByPlaceholderText": [Function],
  "getByRole": [Function],
  "getByTestId": [Function],
  "getByText": [Function],
  "getByTitle": [Function],
  "queryAllByAltText": [Function],
  "queryAllByDisplayValue": [Function],
  "queryAllByLabelText": [Function],
  "queryAllByPlaceholderText": [Function],
  "queryAllByRole": [Function],
  "queryAllByTestId": [Function],
  "queryAllByText": [Function],
  "queryAllByTitle": [Function],
  "queryByAltText": [Function],
  "queryByDisplayValue": [Function],
  "queryByLabelText": [Function],
  "queryByPlaceholderText": [Function],
  "queryByRole": [Function],
  "queryByTestId": [Function],
  "queryByText": [Function],
  "queryByTitle": [Function],
  "rerender": [Function],
  "unmount": [Function],
}
`;
